Reusing configuration cache.
> Task :nms:v26_R1:checkKotlinGradlePluginConfigurationErrors SKIPPED
> Task :api:checkKotlinGradlePluginConfigurationErrors SKIPPED
> Task :nms:v1_21_R7:checkKotlinGradlePluginConfigurationErrors SKIPPED
> Task :nms:v1_21_R6:checkKotlinGradlePluginConfigurationErrors SKIPPED
> Task :api:processResources NO-SOURCE
> Task :nms:v1_21_R6:processResources NO-SOURCE
> Task :processTestResources NO-SOURCE
> Task :nms:v26_R2:checkKotlinGradlePluginConfigurationErrors SKIPPED
> Task :nms:v1_21_R7:processResources NO-SOURCE
> Task :processResources NO-SOURCE
> Task :checkKotlinGradlePluginConfigurationErrors SKIPPED
> Task :nms:v26_R3:checkKotlinGradlePluginConfigurationErrors SKIPPED
> Task :nms:v26_R3:processResources NO-SOURCE
> Task :nms:v26_R1:processResources NO-SOURCE
> Task :compileKotlin NO-SOURCE
> Task :nms:v1_21_R7:paperweightUserdevSetup UP-TO-DATE
> Task :nms:v26_R2:processResources NO-SOURCE
> Task :core:processResources UP-TO-DATE
> Task :compileJava NO-SOURCE
> Task :classes UP-TO-DATE
> Task :core:checkKotlinGradlePluginConfigurationErrors SKIPPED
> Task :jar SKIPPED
> Task :nms:v26_R1:paperweightUserdevSetup UP-TO-DATE
> Task :assemble UP-TO-DATE
> Task :api:processTestResources NO-SOURCE
> Task :nms:v1_21_R6:paperweightUserdevSetup UP-TO-DATE
> Task :core:processTestResources NO-SOURCE
> Task :api:compileKotlin NO-SOURCE
> Task :nms:v1_21_R6:processTestResources NO-SOURCE
> Task :nms:v1_21_R7:processTestResources NO-SOURCE
> Task :platform:paper:checkKotlinGradlePluginConfigurationErrors SKIPPED
> Task :nms:v26_R2:processTestResources NO-SOURCE
> Task :nms:v26_R3:processTestResources NO-SOURCE
> Task :nms:v26_R3:paperweightUserdevSetup UP-TO-DATE
> Task :platform:paper:generatePaperLibrary UP-TO-DATE
> Task :compileTestKotlin NO-SOURCE
> Task :platform:paper:testResourceFactory UP-TO-DATE
> Task :nms:v26_R1:processTestResources NO-SOURCE
> Task :platform:spigot:checkKotlinGradlePluginConfigurationErrors SKIPPED
> Task :platform:paper:mainResourceFactory UP-TO-DATE
> Task :platform:spigot:testResourceFactory UP-TO-DATE
> Task :nms:v26_R2:paperweightUserdevSetup UP-TO-DATE
> Task :platform:spigot:mainResourceFactory UP-TO-DATE
> Task :platform:paper:processResources UP-TO-DATE
> Task :compileTestJava NO-SOURCE
> Task :platform:paper:processTestResources NO-SOURCE
> Task :testClasses UP-TO-DATE
> Task :platform:spigot:processResources UP-TO-DATE
> Task :platform:spigot:processTestResources NO-SOURCE
> Task :test NO-SOURCE
> Task :check UP-TO-DATE
> Task :build UP-TO-DATE
> Task :core:sourcesJar
> Task :api:sourcesJar
> Task :api:compileJava
> Task :api:classes
> Task :api:jar
> Task :api:assemble
> Task :api:compileTestKotlin NO-SOURCE
> Task :api:compileTestJava NO-SOURCE
> Task :api:testClasses UP-TO-DATE
> Task :api:test NO-SOURCE
> Task :api:check UP-TO-DATE
> Task :api:build
> Task :nms:v1_21_R6:compileKotlin
> Task :nms:v26_R1:compileKotlin
> Task :nms:v1_21_R7:compileKotlin
> Task :nms:v26_R3:compileKotlin
> Task :nms:v26_R2:compileKotlin
> Task :nms:v26_R2:compileJava UP-TO-DATE
> Task :nms:v1_21_R6:compileJava UP-TO-DATE
> Task :nms:v26_R3:compileJava UP-TO-DATE
> Task :nms:v26_R2:classes UP-TO-DATE
> Task :nms:v1_21_R6:classes UP-TO-DATE
> Task :nms:v26_R3:classes UP-TO-DATE
> Task :nms:v26_R3:jar UP-TO-DATE
> Task :nms:v1_21_R6:jar UP-TO-DATE
> Task :nms:v26_R2:jar UP-TO-DATE
> Task :nms:v1_21_R6:assemble UP-TO-DATE
> Task :nms:v26_R2:assemble UP-TO-DATE
> Task :nms:v26_R3:assemble UP-TO-DATE
> Task :nms:v26_R1:compileJava UP-TO-DATE
> Task :nms:v26_R1:classes UP-TO-DATE
> Task :nms:v1_21_R6:compileTestKotlin NO-SOURCE
> Task :nms:v26_R3:compileTestKotlin NO-SOURCE
> Task :nms:v26_R2:compileTestKotlin NO-SOURCE
> Task :nms:v1_21_R6:compileTestJava NO-SOURCE
> Task :nms:v26_R3:compileTestJava NO-SOURCE
> Task :nms:v26_R2:compileTestJava NO-SOURCE
> Task :nms:v26_R1:jar UP-TO-DATE
> Task :nms:v1_21_R6:testClasses UP-TO-DATE
> Task :nms:v26_R3:testClasses UP-TO-DATE
> Task :nms:v26_R2:testClasses UP-TO-DATE
> Task :nms:v26_R1:assemble UP-TO-DATE
> Task :nms:v26_R1:compileTestKotlin NO-SOURCE
> Task :nms:v26_R2:test NO-SOURCE
> Task :nms:v1_21_R6:test NO-SOURCE
> Task :nms:v26_R3:test NO-SOURCE
> Task :nms:v26_R2:check UP-TO-DATE
> Task :nms:v26_R3:check UP-TO-DATE
> Task :nms:v26_R2:build UP-TO-DATE
> Task :nms:v1_21_R6:check UP-TO-DATE
> Task :nms:v26_R3:build UP-TO-DATE
> Task :nms:v1_21_R6:build UP-TO-DATE
> Task :nms:v26_R1:compileTestJava NO-SOURCE
> Task :nms:v26_R1:testClasses UP-TO-DATE
> Task :nms:v26_R1:test NO-SOURCE
> Task :nms:v26_R1:check UP-TO-DATE
> Task :nms:v1_21_R7:compileJava UP-TO-DATE
> Task :nms:v26_R1:build UP-TO-DATE
> Task :nms:v1_21_R7:classes UP-TO-DATE
> Task :nms:v1_21_R7:jar UP-TO-DATE
> Task :nms:v1_21_R7:assemble UP-TO-DATE
> Task :nms:v1_21_R7:reobfJar UP-TO-DATE
> Task :nms:v1_21_R7:compileTestKotlin NO-SOURCE
> Task :nms:v1_21_R7:compileTestJava NO-SOURCE
> Task :nms:v1_21_R7:testClasses UP-TO-DATE
> Task :nms:v1_21_R7:test NO-SOURCE
> Task :nms:v1_21_R7:check UP-TO-DATE
> Task :nms:v1_21_R7:build UP-TO-DATE
> Task :core:compileKotlin
> Task :core:compileJava
> Task :core:classes
> Task :core:jar
> Task :core:assemble
> Task :core:compileTestKotlin NO-SOURCE
> Task :core:compileTestJava NO-SOURCE
> Task :core:testClasses UP-TO-DATE
> Task :core:test NO-SOURCE
> Task :core:check UP-TO-DATE
> Task :core:build
> Task :platform:paper:compileKotlin
> Task :platform:spigot:compileKotlin
> Task :platform:spigot:compileJava NO-SOURCE
> Task :platform:spigot:classes UP-TO-DATE
> Task :platform:spigot:jar UP-TO-DATE
> Task :platform:spigot:compileTestKotlin NO-SOURCE
> Task :platform:spigot:compileTestJava NO-SOURCE
> Task :platform:spigot:testClasses UP-TO-DATE
> Task :platform:spigot:test NO-SOURCE
> Task :platform:spigot:check UP-TO-DATE
> Task :platform:paper:compileJava UP-TO-DATE
> Task :platform:paper:classes UP-TO-DATE
> Task :platform:paper:jar UP-TO-DATE
> Task :platform:paper:compileTestKotlin NO-SOURCE
> Task :platform:paper:compileTestJava NO-SOURCE
> Task :platform:paper:testClasses UP-TO-DATE
> Task :platform:paper:test NO-SOURCE
> Task :platform:paper:check UP-TO-DATE
> Task :platform:spigot:shadowJar
> Task :platform:spigot:assemble
> Task :platform:spigot:build
> Task :platform:paper:shadowJar
> Task :platform:paper:assemble
> Task :platform:paper:build
> Task :api:dokkaGenerateModuleHtml
> Task :core:dokkaGenerateModuleHtml
> Task :dokkaGeneratePublicationHtml
> Task :dokkaGenerate

> Task :logLinkDokkaGeneratePublicationHtml
Generated Dokka HTML publication: http://localhost:63342/PrimeModel/build/dokka/html/index.html

> Task :javadocJar

BUILD SUCCESSFUL in 32s
48 actionable tasks: 21 executed, 27 up-to-date
Configuration cache entry reused.
